// Jest Snapshot v1, https://goo.gl/fbAQLP

exports[`<Button text="load more" /> should match snapshot 1`] = `
<div>
  <button
    class="button"
    disabled=""
  >
    Load more
  </button>
</div>
`;
